Performing C++ SOURCE FILE Test HAVE_CXX_FLAG_WSHORTEN_64_TO_32 failed with the following output:
Change Dir: /home/lsfreitas/Desktop/feup-aed2223/cmake-build-debug/CMakeFiles/CMakeTmp

Run Build Command(s):/snap/clion/209/bin/ninja/linux/ninja cmTC_25268 && [1/2] Building CXX object CMakeFiles/cmTC_25268.dir/src.cxx.o
FAILED: CMakeFiles/cmTC_25268.dir/src.cxx.o 
/usr/bin/c++ -DHAVE_CXX_FLAG_WSHORTEN_64_TO_32  -Wall  -Wextra  -Wshadow  -Wfloat-equal  -pedantic  -pedantic-errors  -Wshorten-64-to-32   -Wshorten-64-to-32 -o CMakeFiles/cmTC_25268.dir/src.cxx.o -c /home/lsfreitas/Desktop/feup-aed2223/cmake-build-debug/CMakeFiles/CMakeTmp/src.cxx
c++: error: unrecognized command-line option '-Wshorten-64-to-32'
c++: error: unrecognized command-line option '-Wshorten-64-to-32'
ninja: build stopped: subcommand failed.


Source file was:
int main() { return 0; }
Performing C++ SOURCE FILE Test HAVE_CXX_FLAG_WD654 failed with the following output:
Change Dir: /home/lsfreitas/Desktop/feup-aed2223/cmake-build-debug/CMakeFiles/CMakeTmp

Run Build Command(s):/snap/clion/209/bin/ninja/linux/ninja cmTC_c8bf7 && [1/2] Building CXX object CMakeFiles/cmTC_c8bf7.dir/src.cxx.o
FAILED: CMakeFiles/cmTC_c8bf7.dir/src.cxx.o 
/usr/bin/c++ -DHAVE_CXX_FLAG_WD654  -Wall  -Wextra  -Wshadow  -Wfloat-equal  -pedantic  -pedantic-errors  -fstrict-aliasing  -Wno-deprecated-declarations  -Wstrict-aliasing  -wd654   -wd654 -o CMakeFiles/cmTC_c8bf7.dir/src.cxx.o -c /home/lsfreitas/Desktop/feup-aed2223/cmake-build-debug/CMakeFiles/CMakeTmp/src.cxx
c++: error: unrecognized command-line option '-wd654'
c++: error: unrecognized command-line option '-wd654'
ninja: build stopped: subcommand failed.


Source file was:
int main() { return 0; }
Performing C++ SOURCE FILE Test HAVE_CXX_FLAG_WTHREAD_SAFETY failed with the following output:
Change Dir: /home/lsfreitas/Desktop/feup-aed2223/cmake-build-debug/CMakeFiles/CMakeTmp

Run Build Command(s):/snap/clion/209/bin/ninja/linux/ninja cmTC_027cb && [1/2] Building CXX object CMakeFiles/cmTC_027cb.dir/src.cxx.o
FAILED: CMakeFiles/cmTC_027cb.dir/src.cxx.o 
/usr/bin/c++ -DHAVE_CXX_FLAG_WTHREAD_SAFETY  -Wall  -Wextra  -Wshadow  -Wfloat-equal  -pedantic  -pedantic-errors  -fstrict-aliasing  -Wno-deprecated-declarations  -Wstrict-aliasing  -Wthread-safety   -Wthread-safety -o CMakeFiles/cmTC_027cb.dir/src.cxx.o -c /home/lsfreitas/Desktop/feup-aed2223/cmake-build-debug/CMakeFiles/CMakeTmp/src.cxx
c++: error: unrecognized command-line option '-Wthread-safety'
c++: error: unrecognized command-line option '-Wthread-safety'
ninja: build stopped: subcommand failed.


Source file was:
int main() { return 0; }
